Copyright 1986-2014 Xilinx, Inc. All Rights Reserved.
------------------------------------------------------------------------------------------
| Tool Version : Vivado v.2014.4_63036 (win64) Build 1071353 Tue Nov 18 18:29:27 MST 2014
| Date         : Fri Feb 06 16:09:58 2015
| Host         : huins-PC running 64-bit major release  (build 7600)
| Command      : report_clock_utilization -file top_clock_utilization_placed.rpt
| Design       : top
| Device       : xc7z020
------------------------------------------------------------------------------------------

Clock Utilization Report

Table of Contents
-----------------
1. Clock Primitive Utilization
2. Details of Global Clocks
3. Details of Regional Clocks
4. Details of Multi-Regional Clocks
5. Details of I/O Clocks
6. Details of Local Clocks
7. Clock Regions : Key Resource Utilization
8. Net wise resources used in clock region X0Y0
9. Net wise resources used in clock region X1Y0
10. Net wise resources used in clock region X0Y1
11. Net wise resources used in clock region X1Y1
12. Net wise resources used in clock region X0Y2
13. Net wise resources used in clock region X1Y2

1. Clock Primitive Utilization
------------------------------

+-------+------+-----------+-----------+
| Type  | Used | Available | Num Fixed |
+-------+------+-----------+-----------+
| BUFG  |    4 |        32 |         0 |
| BUFH  |    0 |        72 |         0 |
| BUFIO |    0 |        16 |         0 |
| MMCM  |    0 |         4 |         0 |
| PLL   |    0 |         4 |         0 |
| BUFR  |    0 |        16 |         0 |
| BUFMR |    0 |         8 |         0 |
+-------+------+-----------+-----------+


2. Details of Global Clocks
---------------------------

+-------+----------------------------+------------------------------+--------------+-------+---------------+-----------+
|       |                            |                              |   Num Loads  |       |               |           |
+-------+----------------------------+------------------------------+------+-------+-------+---------------+-----------+
| Index | BUFG Cell                  | Net Name                     | BELs | Sites | Fixed | MaxDelay (ns) | Skew (ns) |
+-------+----------------------------+------------------------------+------+-------+-------+---------------+-----------+
|     1 | camera_MCLK_OBUF_BUFG_inst | camera_MCLK_OBUF_BUFG        |   35 |    11 |    no |         3.026 |     1.360 |
|     2 | i2c_rom_data_reg[22]_i_2   | n_0_i2c_rom_data_reg[22]_i_2 |   84 |    40 |    no |         1.886 |     0.160 |
|     3 | TFTLCD_TCLK_OBUF_BUFG_inst | TFTLCD_TCLK_OBUF_BUFG        |  155 |   108 |    no |         3.022 |     1.430 |
|     4 | camera_PCLK_IBUF_BUFG_inst | camera_PCLK_IBUF_BUFG        |  165 |   103 |    no |         2.039 |     0.447 |
+-------+----------------------------+------------------------------+------+-------+-------+---------------+-----------+


3. Details of Regional Clocks
-----------------------------

4. Details of Multi-Regional Clocks
-----------------------------------

5. Details of I/O Clocks
------------------------

6. Details of Local Clocks
--------------------------

7. Clock Regions : Key Resource Utilization
-------------------------------------------

+-------------------+--------------+--------------+--------------+--------------+--------------+--------------+--------------+--------------+--------------+--------------+--------------+--------------+--------------+--------------+--------------+
|                   | Global Clock |     BUFRs    |    BUFMRs    |    BUFIOs    |     MMCM     |      PLL     |      GT      |      PCI     |    ILOGIC    |    OLOGIC    |      FF      |     LUTM     |    RAMB18    |    RAMB36    |    DSP48E1   |
+-------------------+------+-------+------+-------+------+-------+------+-------+------+-------+------+-------+------+-------+------+-------+------+-------+------+-------+------+-------+------+-------+------+-------+------+-------+------+-------+
| Clock Region Name | Used | Avail | Used | Avail | Used | Avail | Used | Avail | Used | Avail | Used | Avail | Used | Avail | Used | Avail | Used | Avail | Used | Avail | Used | Avail | Used | Avail | Used | Avail | Used | Avail | Used | Avail |
+-------------------+------+-------+------+-------+------+-------+------+-------+------+-------+------+-------+------+-------+------+-------+------+-------+------+-------+------+-------+------+-------+------+-------+------+-------+------+-------+
| X0Y0              |    1 |    12 |    0 |     4 |    0 |     2 |    0 |     4 |    0 |     1 |    0 |     1 |    0 |     0 |    0 |     0 |    0 |    50 |    0 |    50 |   17 | 20000 |    0 |  4000 |    0 |    60 |    0 |    30 |    0 |    60 |
| X1Y0              |    4 |    12 |    0 |     4 |    0 |     2 |    0 |     4 |    0 |     1 |    0 |     1 |    0 |     0 |    0 |     0 |    0 |    50 |    0 |    50 |  113 | 25600 |    0 |  3400 |    0 |    60 |    2 |    30 |    0 |    40 |
| X0Y1              |    2 |    12 |    0 |     0 |    0 |     0 |    0 |     0 |    0 |     0 |    0 |     0 |    0 |     0 |    0 |     0 |    0 |     0 |    0 |     0 |    0 |  9600 |    0 |  1600 |    0 |    20 |    7 |    10 |    0 |    20 |
| X1Y1              |    2 |    12 |    0 |     4 |    0 |     2 |    0 |     4 |    0 |     1 |    0 |     1 |    0 |     0 |    0 |     0 |    0 |    50 |    0 |    50 |  187 | 20800 |    0 |  3400 |    0 |    60 |   28 |    30 |    0 |    40 |
| X0Y2              |    2 |    12 |    0 |     0 |    0 |     0 |    0 |     0 |    0 |     0 |    0 |     0 |    0 |     0 |    0 |     0 |    0 |     0 |    0 |     0 |    0 |  9600 |    0 |  1600 |    0 |    20 |    2 |    10 |    0 |    20 |
| X1Y2              |    2 |    12 |    0 |     4 |    0 |     2 |    0 |     4 |    0 |     1 |    0 |     1 |    0 |     0 |    0 |     0 |    0 |    50 |    0 |    50 |    0 | 20800 |    0 |  3400 |    0 |    60 |   21 |    30 |    0 |    40 |
+-------------------+------+-------+------+-------+------+-------+------+-------+------+-------+------+-------+------+-------+------+-------+------+-------+------+-------+------+-------+------+-------+------+-------+------+-------+------+-------+
* RAMB36 site can be used as two RAMB18/FIFO18 sites


8. Net wise resources used in clock region X0Y0
-----------------------------------------------

+-------------+-------------+-------+-----------+----------+---------+-----------+---------+---------+-----+-------+----------+-----------------------+
| Source Type | BUFHCE Site | Fixed | MMCM Pins | PLL Pins | GT Pins | BRAM Pins | ILOGICs | OLOGICs | FFs | LUTMs | DSP48E1s |     Clock Net Name    |
+-------------+-------------+-------+-----------+----------+---------+-----------+---------+---------+-----+-------+----------+-----------------------+
| BUFG        |     ---     |   no  |         0 |        0 |       0 |         0 |       0 |       0 |  17 |     0 |        0 | camera_MCLK_OBUF_BUFG |
+-------------+-------------+-------+-----------+----------+---------+-----------+---------+---------+-----+-------+----------+-----------------------+


9. Net wise resources used in clock region X1Y0
-----------------------------------------------

+-------------+-------------+-------+-----------+----------+---------+-----------+---------+---------+-----+-------+----------+------------------------------+
| Source Type | BUFHCE Site | Fixed | MMCM Pins | PLL Pins | GT Pins | BRAM Pins | ILOGICs | OLOGICs | FFs | LUTMs | DSP48E1s |        Clock Net Name        |
+-------------+-------------+-------+-----------+----------+---------+-----------+---------+---------+-----+-------+----------+------------------------------+
| BUFG        |     ---     |   no  |         0 |        0 |       0 |         2 |       0 |       0 |   0 |     0 |        0 | TFTLCD_TCLK_OBUF_BUFG        |
| BUFG        |     ---     |   no  |         0 |        0 |       0 |         2 |       0 |       0 |  12 |     0 |        0 | camera_PCLK_IBUF_BUFG        |
| BUFG        |     ---     |   no  |         0 |        0 |       0 |         0 |       0 |       0 |  17 |     0 |        0 | camera_MCLK_OBUF_BUFG        |
| BUFG        |     ---     |   no  |         0 |        0 |       0 |         0 |       0 |       0 |  84 |     0 |        0 | n_0_i2c_rom_data_reg[22]_i_2 |
+-------------+-------------+-------+-----------+----------+---------+-----------+---------+---------+-----+-------+----------+------------------------------+


10. Net wise resources used in clock region X0Y1
------------------------------------------------

+-------------+-------------+-------+-----------+----------+---------+-----------+---------+---------+-----+-------+----------+-----------------------+
| Source Type | BUFHCE Site | Fixed | MMCM Pins | PLL Pins | GT Pins | BRAM Pins | ILOGICs | OLOGICs | FFs | LUTMs | DSP48E1s |     Clock Net Name    |
+-------------+-------------+-------+-----------+----------+---------+-----------+---------+---------+-----+-------+----------+-----------------------+
| BUFG        |     ---     |   no  |         0 |        0 |       0 |         7 |       0 |       0 |   0 |     0 |        0 | TFTLCD_TCLK_OBUF_BUFG |
| BUFG        |     ---     |   no  |         0 |        0 |       0 |         7 |       0 |       0 |   0 |     0 |        0 | camera_PCLK_IBUF_BUFG |
+-------------+-------------+-------+-----------+----------+---------+-----------+---------+---------+-----+-------+----------+-----------------------+


11. Net wise resources used in clock region X1Y1
------------------------------------------------

+-------------+-------------+-------+-----------+----------+---------+-----------+---------+---------+-----+-------+----------+-----------------------+
| Source Type | BUFHCE Site | Fixed | MMCM Pins | PLL Pins | GT Pins | BRAM Pins | ILOGICs | OLOGICs | FFs | LUTMs | DSP48E1s |     Clock Net Name    |
+-------------+-------------+-------+-----------+----------+---------+-----------+---------+---------+-----+-------+----------+-----------------------+
| BUFG        |     ---     |   no  |         0 |        0 |       0 |        28 |       0 |       0 |  93 |     0 |        0 | camera_PCLK_IBUF_BUFG |
| BUFG        |     ---     |   no  |         0 |        0 |       0 |        28 |       0 |       0 |  94 |     0 |        0 | TFTLCD_TCLK_OBUF_BUFG |
+-------------+-------------+-------+-----------+----------+---------+-----------+---------+---------+-----+-------+----------+-----------------------+


12. Net wise resources used in clock region X0Y2
------------------------------------------------

+-------------+-------------+-------+-----------+----------+---------+-----------+---------+---------+-----+-------+----------+-----------------------+
| Source Type | BUFHCE Site | Fixed | MMCM Pins | PLL Pins | GT Pins | BRAM Pins | ILOGICs | OLOGICs | FFs | LUTMs | DSP48E1s |     Clock Net Name    |
+-------------+-------------+-------+-----------+----------+---------+-----------+---------+---------+-----+-------+----------+-----------------------+
| BUFG        |     ---     |   no  |         0 |        0 |       0 |         2 |       0 |       0 |   0 |     0 |        0 | TFTLCD_TCLK_OBUF_BUFG |
| BUFG        |     ---     |   no  |         0 |        0 |       0 |         2 |       0 |       0 |   0 |     0 |        0 | camera_PCLK_IBUF_BUFG |
+-------------+-------------+-------+-----------+----------+---------+-----------+---------+---------+-----+-------+----------+-----------------------+


13. Net wise resources used in clock region X1Y2
------------------------------------------------

+-------------+-------------+-------+-----------+----------+---------+-----------+---------+---------+-----+-------+----------+-----------------------+
| Source Type | BUFHCE Site | Fixed | MMCM Pins | PLL Pins | GT Pins | BRAM Pins | ILOGICs | OLOGICs | FFs | LUTMs | DSP48E1s |     Clock Net Name    |
+-------------+-------------+-------+-----------+----------+---------+-----------+---------+---------+-----+-------+----------+-----------------------+
| BUFG        |     ---     |   no  |         0 |        0 |       0 |        21 |       0 |       0 |   0 |     0 |        0 | TFTLCD_TCLK_OBUF_BUFG |
| BUFG        |     ---     |   no  |         0 |        0 |       0 |        21 |       0 |       0 |   0 |     0 |        0 | camera_PCLK_IBUF_BUFG |
+-------------+-------------+-------+-----------+----------+---------+-----------+---------+---------+-----+-------+----------+-----------------------+



# Location of BUFG Primitives 
set_property LOC BUFGCTRL_X0Y0 [get_cells TFTLCD_TCLK_OBUF_BUFG_inst]
set_property LOC BUFGCTRL_X0Y16 [get_cells camera_MCLK_OBUF_BUFG_inst]
set_property LOC BUFGCTRL_X0Y1 [get_cells camera_PCLK_IBUF_BUFG_inst]
set_property LOC BUFGCTRL_X0Y2 [get_cells i2c_rom_data_reg[22]_i_2]

# Location of IO Clock Primitives

# Location of MMCM Clock Primitives

# Location of BUFH Clock Primitives

# Location of BUFR Clock Primitives

# Location of BUFMR Clock Primitives

# Location of PLL Clock Primitives

# Location of IO Primitives which is load of clock spine
set_property LOC IOB_X1Y92 [get_cells TFTLCD_TCLK_OBUF_inst]
set_property LOC IOB_X1Y21 [get_cells camera_MCLK_OBUF_inst]

# Location of clock ports
set_property LOC IOB_X1Y22 [get_ports camera_PCLK]
set_property LOC IOB_X1Y74 [get_ports clk]

# Clock net "TFTLCD_TCLK_OBUF_BUFG" driven by instance "TFTLCD_TCLK_OBUF_BUFG_inst" located at site "BUFGCTRL_X0Y0"
#startgroup
create_pblock CLKAG_TFTLCD_TCLK_OBUF_BUFG
add_cells_to_pblock [get_pblocks  CLKAG_TFTLCD_TCLK_OBUF_BUFG] [get_cells  -filter { IS_PRIMITIVE==1 && PRIMITIVE_LEVEL !=INTERNAL && NAME!=TFTLCD_TCLK_OBUF_inst} -of_object [get_pins -filter {DIRECTION==IN} -of_objects [get_nets -hierarchical -filter {PARENT=="TFTLCD_TCLK_OBUF_BUFG"}]]]
resize_pblock [get_pblocks CLKAG_TFTLCD_TCLK_OBUF_BUFG] -add {CLOCKREGION_X0Y1:CLOCKREGION_X0Y1 CLOCKREGION_X0Y2:CLOCKREGION_X0Y2 CLOCKREGION_X1Y0:CLOCKREGION_X1Y0 CLOCKREGION_X1Y1:CLOCKREGION_X1Y1 CLOCKREGION_X1Y2:CLOCKREGION_X1Y2}
#endgroup

# Clock net "camera_MCLK_OBUF_BUFG" driven by instance "camera_MCLK_OBUF_BUFG_inst" located at site "BUFGCTRL_X0Y16"
#startgroup
create_pblock CLKAG_camera_MCLK_OBUF_BUFG
add_cells_to_pblock [get_pblocks  CLKAG_camera_MCLK_OBUF_BUFG] [get_cells  -filter { IS_PRIMITIVE==1 && PRIMITIVE_LEVEL !=INTERNAL && NAME!=camera_MCLK_OBUF_inst} -of_object [get_pins -filter {DIRECTION==IN} -of_objects [get_nets -hierarchical -filter {PARENT=="camera_MCLK_OBUF_BUFG"}]]]
resize_pblock [get_pblocks CLKAG_camera_MCLK_OBUF_BUFG] -add {CLOCKREGION_X0Y0:CLOCKREGION_X0Y0 CLOCKREGION_X1Y0:CLOCKREGION_X1Y0}
#endgroup

# Clock net "camera_PCLK_IBUF_BUFG" driven by instance "camera_PCLK_IBUF_BUFG_inst" located at site "BUFGCTRL_X0Y1"
#startgroup
create_pblock CLKAG_camera_PCLK_IBUF_BUFG
add_cells_to_pblock [get_pblocks  CLKAG_camera_PCLK_IBUF_BUFG] [get_cells  -filter { IS_PRIMITIVE==1 && PRIMITIVE_LEVEL !=INTERNAL } -of_object [get_pins -filter {DIRECTION==IN} -of_objects [get_nets -hierarchical -filter {PARENT=="camera_PCLK_IBUF_BUFG"}]]]
resize_pblock [get_pblocks CLKAG_camera_PCLK_IBUF_BUFG] -add {CLOCKREGION_X0Y1:CLOCKREGION_X0Y1 CLOCKREGION_X0Y2:CLOCKREGION_X0Y2 CLOCKREGION_X1Y0:CLOCKREGION_X1Y0 CLOCKREGION_X1Y1:CLOCKREGION_X1Y1 CLOCKREGION_X1Y2:CLOCKREGION_X1Y2}
#endgroup

# Clock net "n_0_i2c_rom_data_reg[22]_i_2" driven by instance "i2c_rom_data_reg[22]_i_2" located at site "BUFGCTRL_X0Y2"
#startgroup
create_pblock CLKAG_n_0_i2c_rom_data_reg[22]_i_2
add_cells_to_pblock [get_pblocks  CLKAG_n_0_i2c_rom_data_reg[22]_i_2] [get_cells  -filter { IS_PRIMITIVE==1 && PRIMITIVE_LEVEL !=INTERNAL } -of_object [get_pins -filter {DIRECTION==IN} -of_objects [get_nets -hierarchical -filter {PARENT=="n_0_i2c_rom_data_reg[22]_i_2"}]]]
resize_pblock [get_pblocks CLKAG_n_0_i2c_rom_data_reg[22]_i_2] -add {CLOCKREGION_X1Y0:CLOCKREGION_X1Y0}
#endgroup
